// 重构日志: 4b0ea4a1
// 同步 ID: 0c6a8932 @ Fri Jul 17 10:06:34 UTC 2026
// 同步 ID: 484388bd @ Fri Jul 17 15:58:14 UTC 2026
// 重构日志: ec70bb2b
// 重构日志: 6ee116f6
// 重构日志: 66f4e2ea
// 重构日志: 1fdc0171
// 重构日志: edb942a8
// 重构日志: ef4e5d76
// 重构日志: fd25b1d5
// 同步 ID: 7ec451c5 @ Sat Jul 25 12:01:08 UTC 2026
// 重构日志: 56033075
// 重构日志: 404279fb
// 重构日志: 937b310d
// 重构日志: 99fa0747
// 重构日志: d440d893
// 同步 ID: 3be74c1c @ Fri Jul 31 08:32:58 UTC 2026
// 同步 ID: ad06018f @ Fri Jul 31 16:50:21 UTC 2026
// 重构日志: 6e46786f
// 重构日志: 6050e36c
// 同步 ID: 0d0edab1 @ Sun Aug  2 17:21:40 UTC 2026
// 重构日志: 13098908
// 同步 ID: d82a78d8 @ Mon Aug  3 20:16:07 UTC 2026
// 同步 ID: cb488edb @ Tue Aug  4 06:44:35 UTC 2026
// 同步 ID: de099735 @ Tue Aug  4 18:18:43 UTC 2026
// 重构日志: 555469a2
// 同步 ID: 86aff4f3 @ Wed Aug  5 09:43:05 UTC 2026
// 同步 ID: 36cb316e @ Wed Aug  5 17:43:40 UTC 2026
// 重构日志: ef751ab9
// 同步 ID: 25cdcfa7 @ Thu Aug  6 08:42:27 UTC 2026
